<?xml version="1.0" encoding="UTF-8"?>
<testsuites name="jest tests" tests="1" failures="0" errors="0" time="4.283">
  <testsuite name="Index Header Renders" errors="0" failures="0" skipped="0" timestamp="2021-07-17T03:43:07" time="1.809" tests="1">
    <testcase classname="Index Header Renders Header contains title" name="Index Header Renders Header contains title" time="0.03">
    </testcase>
  </testsuite>
</testsuites>